2025-11-24 20:06:28 [restartedMain] DEBUG org.hibernate.SQL - alter table payment modify column status enum ('COMPLETED','FAILED','PENDING') not null
2025-11-24 20:06:29 [restartedMain] DEBUG org.hibernate.SQL - select g1_0.id,g1_0.type from genre g1_0 where g1_0.type=?
2025-11-24 20:06:29 [restartedMain] DEBUG org.hibernate.SQL - select g1_0.id,g1_0.type from genre g1_0 where g1_0.type=?
2025-11-24 20:06:29 [restartedMain] DEBUG org.hibernate.SQL - select g1_0.id,g1_0.type from genre g1_0 where g1_0.type=?
2025-11-24 20:06:29 [restartedMain] DEBUG org.hibernate.SQL - select g1_0.id,g1_0.type from genre g1_0 where g1_0.type=?
2025-11-24 20:06:29 [restartedMain] DEBUG org.hibernate.SQL - select g1_0.id,g1_0.type from genre g1_0 where g1_0.type=?
2025-11-24 20:06:29 [restartedMain] DEBUG org.hibernate.SQL - select g1_0.id,g1_0.type from genre g1_0 where g1_0.type=?
2025-11-24 20:06:29 [restartedMain] DEBUG org.hibernate.SQL - select g1_0.id,g1_0.type from genre g1_0 where g1_0.type=?
2025-11-24 20:06:29 [restartedMain] DEBUG org.hibernate.SQL - select g1_0.id,g1_0.type from genre g1_0 where g1_0.type=?
2025-11-24 20:06:29 [restartedMain] DEBUG org.hibernate.SQL - select g1_0.id,g1_0.type from genre g1_0 where g1_0.type=?
2025-11-24 20:06:29 [restartedMain] DEBUG org.hibernate.SQL - select g1_0.id,g1_0.type from genre g1_0 where g1_0.type=?
2025-11-24 20:06:29 [restartedMain] DEBUG org.hibernate.SQL - select g1_0.id,g1_0.type from genre g1_0 where g1_0.type=?
2025-11-24 20:06:29 [restartedMain] DEBUG org.hibernate.SQL - select g1_0.id,g1_0.type from genre g1_0 where g1_0.type=?
2025-11-24 20:06:29 [restartedMain] DEBUG org.hibernate.SQL - select g1_0.id,g1_0.type from genre g1_0 where g1_0.type=?
2025-11-24 20:06:29 [restartedMain] DEBUG org.hibernate.SQL - select g1_0.id,g1_0.type from genre g1_0 where g1_0.type=?
2025-11-24 20:06:29 [restartedMain] DEBUG org.hibernate.SQL - select g1_0.id,g1_0.type from genre g1_0 where g1_0.type=?
2025-11-24 20:06:29 [restartedMain] DEBUG org.hibernate.SQL - select g1_0.id,g1_0.type from genre g1_0 where g1_0.type=?
2025-11-24 20:06:29 [restartedMain] DEBUG org.hibernate.SQL - select g1_0.id,g1_0.type from genre g1_0 where g1_0.type=?
2025-11-24 20:06:29 [restartedMain] DEBUG org.hibernate.SQL - select g1_0.id,g1_0.type from genre g1_0 where g1_0.type=?
2025-11-24 20:06:29 [restartedMain] DEBUG org.hibernate.SQL - select g1_0.id,g1_0.type from genre g1_0 where g1_0.type=?
2025-11-24 20:06:29 [restartedMain] DEBUG org.hibernate.SQL - select g1_0.id,g1_0.type from genre g1_0 where g1_0.type=?
2025-11-24 20:06:29 [restartedMain] DEBUG org.hibernate.SQL - select g1_0.id,g1_0.type from genre g1_0 where g1_0.type=?
2025-11-24 20:06:29 [restartedMain] DEBUG org.hibernate.SQL - select g1_0.id,g1_0.type from genre g1_0 where g1_0.type=?
2025-11-24 20:06:29 [restartedMain] DEBUG org.hibernate.SQL - select g1_0.id,g1_0.type from genre g1_0 where g1_0.type=?
2025-11-24 20:06:29 [restartedMain] DEBUG org.hibernate.SQL - select g1_0.id,g1_0.type from genre g1_0 where g1_0.type=?
2025-11-24 20:06:29 [restartedMain] DEBUG org.hibernate.SQL - select g1_0.id,g1_0.type from genre g1_0 where g1_0.type=?
2025-11-24 20:06:29 [restartedMain] DEBUG org.hibernate.SQL - select g1_0.id,g1_0.type from genre g1_0 where g1_0.type=?
2025-11-24 20:06:29 [restartedMain] DEBUG org.hibernate.SQL - select g1_0.id,g1_0.type from genre g1_0 where g1_0.type=?
2025-11-24 20:06:29 [restartedMain] DEBUG org.hibernate.SQL - select g1_0.id,g1_0.type from genre g1_0 where g1_0.type=?
2025-11-24 20:06:29 [restartedMain] DEBUG org.hibernate.SQL - select g1_0.id,g1_0.type from genre g1_0 where g1_0.type=?
2025-11-24 20:06:29 [restartedMain] DEBUG org.hibernate.SQL - select g1_0.id,g1_0.type from genre g1_0 where g1_0.type=?
2025-11-24 20:06:29 [restartedMain] DEBUG org.hibernate.SQL - select g1_0.id,g1_0.type from genre g1_0 where g1_0.type=?
2025-11-24 20:06:29 [restartedMain] DEBUG org.hibernate.SQL - select g1_0.id,g1_0.type from genre g1_0 where g1_0.type=?
2025-11-24 20:06:29 [restartedMain] DEBUG org.hibernate.SQL - select g1_0.id,g1_0.type from genre g1_0 where g1_0.type=?
2025-11-24 20:06:29 [restartedMain] DEBUG org.hibernate.SQL - select g1_0.id,g1_0.type from genre g1_0 where g1_0.type=?
2025-11-24 20:06:29 [restartedMain] DEBUG org.hibernate.SQL - select g1_0.id,g1_0.type from genre g1_0 where g1_0.type=?
2025-11-24 20:06:29 [restartedMain] DEBUG org.hibernate.SQL - select g1_0.id,g1_0.type from genre g1_0 where g1_0.type=?
2025-11-24 20:06:29 [restartedMain] DEBUG org.hibernate.SQL - select g1_0.id,g1_0.type from genre g1_0 where g1_0.type=?
2025-11-24 20:06:29 [restartedMain] DEBUG org.hibernate.SQL - select g1_0.id,g1_0.type from genre g1_0 where g1_0.type=?
2025-11-24 20:06:29 [restartedMain] DEBUG org.hibernate.SQL - select g1_0.id,g1_0.type from genre g1_0 where g1_0.type=?
2025-11-24 20:06:29 [restartedMain] DEBUG org.hibernate.SQL - select g1_0.id,g1_0.type from genre g1_0 where g1_0.type=?
2025-11-24 20:06:29 [restartedMain] DEBUG org.hibernate.SQL - select g1_0.id,g1_0.type from genre g1_0 where g1_0.type=?
2025-11-24 20:06:29 [restartedMain] DEBUG org.hibernate.SQL - select g1_0.id,g1_0.type from genre g1_0 where g1_0.type=?
2025-11-24 20:06:29 [restartedMain] DEBUG org.hibernate.SQL - select g1_0.id,g1_0.type from genre g1_0 where g1_0.type=?
2025-11-24 20:06:29 [restartedMain] DEBUG org.hibernate.SQL - select g1_0.id,g1_0.type from genre g1_0 where g1_0.type=?
2025-11-24 20:06:29 [restartedMain] DEBUG org.hibernate.SQL - select g1_0.id,g1_0.type from genre g1_0 where g1_0.type=?
2025-11-24 20:06:29 [restartedMain] DEBUG org.hibernate.SQL - select g1_0.id,g1_0.type from genre g1_0 where g1_0.type=?
2025-11-24 20:06:29 [restartedMain] DEBUG org.hibernate.SQL - select g1_0.id,g1_0.type from genre g1_0 where g1_0.type=?
2025-11-24 20:06:29 [restartedMain] DEBUG org.hibernate.SQL - select g1_0.id,g1_0.type from genre g1_0 where g1_0.type=?
2025-11-24 20:06:29 [restartedMain] DEBUG org.hibernate.SQL - select g1_0.id,g1_0.type from genre g1_0 where g1_0.type=?
2025-11-24 20:06:29 [restartedMain] DEBUG org.hibernate.SQL - select g1_0.id,g1_0.type from genre g1_0 where g1_0.type=?
2025-11-24 20:06:29 [restartedMain] DEBUG org.hibernate.SQL - select g1_0.id,g1_0.type from genre g1_0 where g1_0.type=?
2025-11-24 20:06:29 [restartedMain] DEBUG org.hibernate.SQL - select g1_0.id,g1_0.type from genre g1_0 where g1_0.type=?
2025-11-24 20:06:29 [restartedMain] DEBUG org.hibernate.SQL - select g1_0.id,g1_0.type from genre g1_0 where g1_0.type=?
2025-11-24 20:06:29 [restartedMain] DEBUG org.hibernate.SQL - select g1_0.id,g1_0.type from genre g1_0 where g1_0.type=?
2025-11-24 20:06:29 [restartedMain] DEBUG org.hibernate.SQL - select g1_0.id,g1_0.type from genre g1_0 where g1_0.type=?
2025-11-24 20:10:44 [http-nio-8080-exec-5] DEBUG org.hibernate.SQL - select u1_0.id,u1_0.dtype,u1_0.bio,u1_0.birthday,u1_0.email,u1_0.is_artist,u1_0.name,u1_0.password,u1_0.personal_link,u1_0.phone,u1_0.role,u1_0.surname,u1_0.username,u1_0.verified,u1_0.account_propietary,u1_0.artistic_name,u1_0.description,u1_0.iban,u1_0.is_trending,u1_0.monthly_streams,u1_0.profile_picture_name from user u1_0 where u1_0.username=?
2025-11-24 20:10:44 [http-nio-8080-exec-5] DEBUG org.hibernate.SQL - select u1_0.id,u1_0.dtype,u1_0.bio,u1_0.birthday,u1_0.email,u1_0.is_artist,u1_0.name,u1_0.password,u1_0.personal_link,u1_0.phone,u1_0.role,u1_0.surname,u1_0.username,u1_0.verified,u1_0.account_propietary,u1_0.artistic_name,u1_0.description,u1_0.iban,u1_0.is_trending,u1_0.monthly_streams,u1_0.profile_picture_name from user u1_0 where u1_0.username=?
2025-11-24 20:10:45 [http-nio-8080-exec-5] DEBUG org.hibernate.SQL - select u1_0.id,u1_0.dtype,u1_0.bio,u1_0.birthday,u1_0.email,u1_0.is_artist,u1_0.name,u1_0.password,u1_0.personal_link,u1_0.phone,u1_0.role,u1_0.surname,u1_0.username,u1_0.verified,u1_0.account_propietary,u1_0.artistic_name,u1_0.description,u1_0.iban,u1_0.is_trending,u1_0.monthly_streams,u1_0.profile_picture_name from user u1_0 where u1_0.username=?
2025-11-24 20:13:36 [restartedMain] DEBUG org.hibernate.SQL - alter table payment modify column status enum ('COMPLETED','FAILED','PENDING') not null
2025-11-24 20:13:38 [restartedMain] DEBUG org.hibernate.SQL - select g1_0.id,g1_0.type from genre g1_0 where g1_0.type=?
2025-11-24 20:13:38 [restartedMain] DEBUG org.hibernate.SQL - select g1_0.id,g1_0.type from genre g1_0 where g1_0.type=?
2025-11-24 20:13:38 [restartedMain] DEBUG org.hibernate.SQL - select g1_0.id,g1_0.type from genre g1_0 where g1_0.type=?
2025-11-24 20:13:38 [restartedMain] DEBUG org.hibernate.SQL - select g1_0.id,g1_0.type from genre g1_0 where g1_0.type=?
2025-11-24 20:13:38 [restartedMain] DEBUG org.hibernate.SQL - select g1_0.id,g1_0.type from genre g1_0 where g1_0.type=?
2025-11-24 20:13:38 [restartedMain] DEBUG org.hibernate.SQL - select g1_0.id,g1_0.type from genre g1_0 where g1_0.type=?
2025-11-24 20:13:38 [restartedMain] DEBUG org.hibernate.SQL - select g1_0.id,g1_0.type from genre g1_0 where g1_0.type=?
2025-11-24 20:13:38 [restartedMain] DEBUG org.hibernate.SQL - select g1_0.id,g1_0.type from genre g1_0 where g1_0.type=?
2025-11-24 20:13:38 [restartedMain] DEBUG org.hibernate.SQL - select g1_0.id,g1_0.type from genre g1_0 where g1_0.type=?
2025-11-24 20:13:38 [restartedMain] DEBUG org.hibernate.SQL - select g1_0.id,g1_0.type from genre g1_0 where g1_0.type=?
2025-11-24 20:13:38 [restartedMain] DEBUG org.hibernate.SQL - select g1_0.id,g1_0.type from genre g1_0 where g1_0.type=?
2025-11-24 20:13:38 [restartedMain] DEBUG org.hibernate.SQL - select g1_0.id,g1_0.type from genre g1_0 where g1_0.type=?
2025-11-24 20:13:38 [restartedMain] DEBUG org.hibernate.SQL - select g1_0.id,g1_0.type from genre g1_0 where g1_0.type=?
2025-11-24 20:13:38 [restartedMain] DEBUG org.hibernate.SQL - select g1_0.id,g1_0.type from genre g1_0 where g1_0.type=?
2025-11-24 20:13:38 [restartedMain] DEBUG org.hibernate.SQL - select g1_0.id,g1_0.type from genre g1_0 where g1_0.type=?
2025-11-24 20:13:38 [restartedMain] DEBUG org.hibernate.SQL - select g1_0.id,g1_0.type from genre g1_0 where g1_0.type=?
2025-11-24 20:13:38 [restartedMain] DEBUG org.hibernate.SQL - select g1_0.id,g1_0.type from genre g1_0 where g1_0.type=?
2025-11-24 20:13:38 [restartedMain] DEBUG org.hibernate.SQL - select g1_0.id,g1_0.type from genre g1_0 where g1_0.type=?
2025-11-24 20:13:38 [restartedMain] DEBUG org.hibernate.SQL - select g1_0.id,g1_0.type from genre g1_0 where g1_0.type=?
2025-11-24 20:13:38 [restartedMain] DEBUG org.hibernate.SQL - select g1_0.id,g1_0.type from genre g1_0 where g1_0.type=?
2025-11-24 20:13:38 [restartedMain] DEBUG org.hibernate.SQL - select g1_0.id,g1_0.type from genre g1_0 where g1_0.type=?
2025-11-24 20:13:38 [restartedMain] DEBUG org.hibernate.SQL - select g1_0.id,g1_0.type from genre g1_0 where g1_0.type=?
2025-11-24 20:13:38 [restartedMain] DEBUG org.hibernate.SQL - select g1_0.id,g1_0.type from genre g1_0 where g1_0.type=?
2025-11-24 20:13:38 [restartedMain] DEBUG org.hibernate.SQL - select g1_0.id,g1_0.type from genre g1_0 where g1_0.type=?
2025-11-24 20:13:38 [restartedMain] DEBUG org.hibernate.SQL - select g1_0.id,g1_0.type from genre g1_0 where g1_0.type=?
2025-11-24 20:13:38 [restartedMain] DEBUG org.hibernate.SQL - select g1_0.id,g1_0.type from genre g1_0 where g1_0.type=?
2025-11-24 20:13:38 [restartedMain] DEBUG org.hibernate.SQL - select g1_0.id,g1_0.type from genre g1_0 where g1_0.type=?
2025-11-24 20:13:38 [restartedMain] DEBUG org.hibernate.SQL - select g1_0.id,g1_0.type from genre g1_0 where g1_0.type=?
2025-11-24 20:13:38 [restartedMain] DEBUG org.hibernate.SQL - select g1_0.id,g1_0.type from genre g1_0 where g1_0.type=?
2025-11-24 20:13:38 [restartedMain] DEBUG org.hibernate.SQL - select g1_0.id,g1_0.type from genre g1_0 where g1_0.type=?
2025-11-24 20:13:38 [restartedMain] DEBUG org.hibernate.SQL - select g1_0.id,g1_0.type from genre g1_0 where g1_0.type=?
2025-11-24 20:13:38 [restartedMain] DEBUG org.hibernate.SQL - select g1_0.id,g1_0.type from genre g1_0 where g1_0.type=?
2025-11-24 20:13:38 [restartedMain] DEBUG org.hibernate.SQL - select g1_0.id,g1_0.type from genre g1_0 where g1_0.type=?
2025-11-24 20:13:38 [restartedMain] DEBUG org.hibernate.SQL - select g1_0.id,g1_0.type from genre g1_0 where g1_0.type=?
2025-11-24 20:13:38 [restartedMain] DEBUG org.hibernate.SQL - select g1_0.id,g1_0.type from genre g1_0 where g1_0.type=?
2025-11-24 20:13:38 [restartedMain] DEBUG org.hibernate.SQL - select g1_0.id,g1_0.type from genre g1_0 where g1_0.type=?
2025-11-24 20:13:38 [restartedMain] DEBUG org.hibernate.SQL - select g1_0.id,g1_0.type from genre g1_0 where g1_0.type=?
2025-11-24 20:13:38 [restartedMain] DEBUG org.hibernate.SQL - select g1_0.id,g1_0.type from genre g1_0 where g1_0.type=?
2025-11-24 20:13:38 [restartedMain] DEBUG org.hibernate.SQL - select g1_0.id,g1_0.type from genre g1_0 where g1_0.type=?
2025-11-24 20:13:38 [restartedMain] DEBUG org.hibernate.SQL - select g1_0.id,g1_0.type from genre g1_0 where g1_0.type=?
2025-11-24 20:13:38 [restartedMain] DEBUG org.hibernate.SQL - select g1_0.id,g1_0.type from genre g1_0 where g1_0.type=?
2025-11-24 20:13:38 [restartedMain] DEBUG org.hibernate.SQL - select g1_0.id,g1_0.type from genre g1_0 where g1_0.type=?
2025-11-24 20:13:38 [restartedMain] DEBUG org.hibernate.SQL - select g1_0.id,g1_0.type from genre g1_0 where g1_0.type=?
2025-11-24 20:13:38 [restartedMain] DEBUG org.hibernate.SQL - select g1_0.id,g1_0.type from genre g1_0 where g1_0.type=?
2025-11-24 20:13:38 [restartedMain] DEBUG org.hibernate.SQL - select g1_0.id,g1_0.type from genre g1_0 where g1_0.type=?
2025-11-24 20:13:38 [restartedMain] DEBUG org.hibernate.SQL - select g1_0.id,g1_0.type from genre g1_0 where g1_0.type=?
2025-11-24 20:13:38 [restartedMain] DEBUG org.hibernate.SQL - select g1_0.id,g1_0.type from genre g1_0 where g1_0.type=?
2025-11-24 20:13:38 [restartedMain] DEBUG org.hibernate.SQL - select g1_0.id,g1_0.type from genre g1_0 where g1_0.type=?
2025-11-24 20:13:38 [restartedMain] DEBUG org.hibernate.SQL - select g1_0.id,g1_0.type from genre g1_0 where g1_0.type=?
2025-11-24 20:13:38 [restartedMain] DEBUG org.hibernate.SQL - select g1_0.id,g1_0.type from genre g1_0 where g1_0.type=?
2025-11-24 20:13:38 [restartedMain] DEBUG org.hibernate.SQL - select g1_0.id,g1_0.type from genre g1_0 where g1_0.type=?
2025-11-24 20:13:38 [restartedMain] DEBUG org.hibernate.SQL - select g1_0.id,g1_0.type from genre g1_0 where g1_0.type=?
2025-11-24 20:13:38 [restartedMain] DEBUG org.hibernate.SQL - select g1_0.id,g1_0.type from genre g1_0 where g1_0.type=?
2025-11-24 20:13:38 [restartedMain] DEBUG org.hibernate.SQL - select g1_0.id,g1_0.type from genre g1_0 where g1_0.type=?
2025-11-24 20:13:38 [restartedMain] DEBUG org.hibernate.SQL - select g1_0.id,g1_0.type from genre g1_0 where g1_0.type=?
2025-11-24 20:16:50 [http-nio-8080-exec-7] DEBUG org.hibernate.SQL - select u1_0.id,u1_0.dtype,u1_0.bio,u1_0.birthday,u1_0.email,u1_0.is_artist,u1_0.name,u1_0.password,u1_0.personal_link,u1_0.phone,u1_0.role,u1_0.surname,u1_0.username,u1_0.verified,u1_0.account_propietary,u1_0.artistic_name,u1_0.description,u1_0.iban,u1_0.is_trending,u1_0.monthly_streams,u1_0.profile_picture_name from user u1_0 where u1_0.email=?
2025-11-24 20:16:50 [http-nio-8080-exec-7] DEBUG org.hibernate.SQL - select u1_0.id,u1_0.dtype,u1_0.bio,u1_0.birthday,u1_0.email,u1_0.is_artist,u1_0.name,u1_0.password,u1_0.personal_link,u1_0.phone,u1_0.role,u1_0.surname,u1_0.username,u1_0.verified,u1_0.account_propietary,u1_0.artistic_name,u1_0.description,u1_0.iban,u1_0.is_trending,u1_0.monthly_streams,u1_0.profile_picture_name from user u1_0 where u1_0.username=?
2025-11-24 20:16:50 [http-nio-8080-exec-7] DEBUG org.hibernate.SQL - select u1_0.id,u1_0.dtype,u1_0.bio,u1_0.birthday,u1_0.email,u1_0.is_artist,u1_0.name,u1_0.password,u1_0.personal_link,u1_0.phone,u1_0.role,u1_0.surname,u1_0.username,u1_0.verified,u1_0.account_propietary,u1_0.artistic_name,u1_0.description,u1_0.iban,u1_0.is_trending,u1_0.monthly_streams,u1_0.profile_picture_name from user u1_0 where u1_0.username=?
2025-11-24 20:17:41 [http-nio-8080-exec-2] DEBUG org.hibernate.SQL - select u1_0.id,u1_0.dtype,u1_0.bio,u1_0.birthday,u1_0.email,u1_0.is_artist,u1_0.name,u1_0.password,u1_0.personal_link,u1_0.phone,u1_0.role,u1_0.surname,u1_0.username,u1_0.verified,u1_0.account_propietary,u1_0.artistic_name,u1_0.description,u1_0.iban,u1_0.is_trending,u1_0.monthly_streams,u1_0.profile_picture_name from user u1_0 where u1_0.email=?
2025-11-24 20:17:41 [http-nio-8080-exec-2] DEBUG org.hibernate.SQL - select u1_0.id,u1_0.dtype,u1_0.bio,u1_0.birthday,u1_0.email,u1_0.is_artist,u1_0.name,u1_0.password,u1_0.personal_link,u1_0.phone,u1_0.role,u1_0.surname,u1_0.username,u1_0.verified,u1_0.account_propietary,u1_0.artistic_name,u1_0.description,u1_0.iban,u1_0.is_trending,u1_0.monthly_streams,u1_0.profile_picture_name from user u1_0 where u1_0.username=?
2025-11-24 20:17:41 [http-nio-8080-exec-2] DEBUG org.hibernate.SQL - select u1_0.id,u1_0.dtype,u1_0.bio,u1_0.birthday,u1_0.email,u1_0.is_artist,u1_0.name,u1_0.password,u1_0.personal_link,u1_0.phone,u1_0.role,u1_0.surname,u1_0.username,u1_0.verified,u1_0.account_propietary,u1_0.artistic_name,u1_0.description,u1_0.iban,u1_0.is_trending,u1_0.monthly_streams,u1_0.profile_picture_name from user u1_0 where u1_0.username=?
2025-11-24 20:18:33 [http-nio-8080-exec-4] DEBUG org.hibernate.SQL - select u1_0.id,u1_0.dtype,u1_0.bio,u1_0.birthday,u1_0.email,u1_0.is_artist,u1_0.name,u1_0.password,u1_0.personal_link,u1_0.phone,u1_0.role,u1_0.surname,u1_0.username,u1_0.verified,u1_0.account_propietary,u1_0.artistic_name,u1_0.description,u1_0.iban,u1_0.is_trending,u1_0.monthly_streams,u1_0.profile_picture_name from user u1_0 where u1_0.username=?
2025-11-24 20:18:33 [http-nio-8080-exec-4] DEBUG org.hibernate.SQL - select u1_0.id,u1_0.dtype,u1_0.bio,u1_0.birthday,u1_0.email,u1_0.is_artist,u1_0.name,u1_0.password,u1_0.personal_link,u1_0.phone,u1_0.role,u1_0.surname,u1_0.username,u1_0.verified,u1_0.account_propietary,u1_0.artistic_name,u1_0.description,u1_0.iban,u1_0.is_trending,u1_0.monthly_streams,u1_0.profile_picture_name from user u1_0 where u1_0.username=?
2025-11-24 20:18:33 [http-nio-8080-exec-5] DEBUG org.hibernate.SQL - select u1_0.id,u1_0.dtype,u1_0.bio,u1_0.birthday,u1_0.email,u1_0.is_artist,u1_0.name,u1_0.password,u1_0.personal_link,u1_0.phone,u1_0.role,u1_0.surname,u1_0.username,u1_0.verified,u1_0.account_propietary,u1_0.artistic_name,u1_0.description,u1_0.iban,u1_0.is_trending,u1_0.monthly_streams,u1_0.profile_picture_name from user u1_0 where u1_0.username=?
2025-11-24 20:18:33 [http-nio-8080-exec-6] DEBUG org.hibernate.SQL - select u1_0.id,u1_0.dtype,u1_0.bio,u1_0.birthday,u1_0.email,u1_0.is_artist,u1_0.name,u1_0.password,u1_0.personal_link,u1_0.phone,u1_0.role,u1_0.surname,u1_0.username,u1_0.verified,u1_0.account_propietary,u1_0.artistic_name,u1_0.description,u1_0.iban,u1_0.is_trending,u1_0.monthly_streams,u1_0.profile_picture_name from user u1_0 where u1_0.username=?
2025-11-24 20:18:33 [http-nio-8080-exec-7] DEBUG org.hibernate.SQL - select u1_0.id,u1_0.dtype,u1_0.bio,u1_0.birthday,u1_0.email,u1_0.is_artist,u1_0.name,u1_0.password,u1_0.personal_link,u1_0.phone,u1_0.role,u1_0.surname,u1_0.username,u1_0.verified,u1_0.account_propietary,u1_0.artistic_name,u1_0.description,u1_0.iban,u1_0.is_trending,u1_0.monthly_streams,u1_0.profile_picture_name from user u1_0 where u1_0.username=?
2025-11-24 20:25:04 [http-nio-8080-exec-5] DEBUG org.hibernate.SQL - select u1_0.id,u1_0.dtype,u1_0.bio,u1_0.birthday,u1_0.email,u1_0.is_artist,u1_0.name,u1_0.password,u1_0.personal_link,u1_0.phone,u1_0.role,u1_0.surname,u1_0.username,u1_0.verified,u1_0.account_propietary,u1_0.artistic_name,u1_0.description,u1_0.iban,u1_0.is_trending,u1_0.monthly_streams,u1_0.profile_picture_name from user u1_0 where u1_0.username=?
2025-11-24 20:26:12 [restartedMain] DEBUG org.hibernate.SQL - alter table payment modify column status enum ('COMPLETED','FAILED','PENDING') not null
2025-11-24 20:26:13 [restartedMain] DEBUG org.hibernate.SQL - select g1_0.id,g1_0.type from genre g1_0 where g1_0.type=?
2025-11-24 20:26:13 [restartedMain] DEBUG org.hibernate.SQL - select g1_0.id,g1_0.type from genre g1_0 where g1_0.type=?
2025-11-24 20:26:13 [restartedMain] DEBUG org.hibernate.SQL - select g1_0.id,g1_0.type from genre g1_0 where g1_0.type=?
2025-11-24 20:26:13 [restartedMain] DEBUG org.hibernate.SQL - select g1_0.id,g1_0.type from genre g1_0 where g1_0.type=?
2025-11-24 20:26:13 [restartedMain] DEBUG org.hibernate.SQL - select g1_0.id,g1_0.type from genre g1_0 where g1_0.type=?
2025-11-24 20:26:13 [restartedMain] DEBUG org.hibernate.SQL - select g1_0.id,g1_0.type from genre g1_0 where g1_0.type=?
2025-11-24 20:26:13 [restartedMain] DEBUG org.hibernate.SQL - select g1_0.id,g1_0.type from genre g1_0 where g1_0.type=?
2025-11-24 20:26:13 [restartedMain] DEBUG org.hibernate.SQL - select g1_0.id,g1_0.type from genre g1_0 where g1_0.type=?
2025-11-24 20:26:13 [restartedMain] DEBUG org.hibernate.SQL - select g1_0.id,g1_0.type from genre g1_0 where g1_0.type=?
2025-11-24 20:26:13 [restartedMain] DEBUG org.hibernate.SQL - select g1_0.id,g1_0.type from genre g1_0 where g1_0.type=?
2025-11-24 20:26:13 [restartedMain] DEBUG org.hibernate.SQL - select g1_0.id,g1_0.type from genre g1_0 where g1_0.type=?
2025-11-24 20:26:13 [restartedMain] DEBUG org.hibernate.SQL - select g1_0.id,g1_0.type from genre g1_0 where g1_0.type=?
2025-11-24 20:26:13 [restartedMain] DEBUG org.hibernate.SQL - select g1_0.id,g1_0.type from genre g1_0 where g1_0.type=?
2025-11-24 20:26:13 [restartedMain] DEBUG org.hibernate.SQL - select g1_0.id,g1_0.type from genre g1_0 where g1_0.type=?
2025-11-24 20:26:13 [restartedMain] DEBUG org.hibernate.SQL - select g1_0.id,g1_0.type from genre g1_0 where g1_0.type=?
2025-11-24 20:26:13 [restartedMain] DEBUG org.hibernate.SQL - select g1_0.id,g1_0.type from genre g1_0 where g1_0.type=?
2025-11-24 20:26:13 [restartedMain] DEBUG org.hibernate.SQL - select g1_0.id,g1_0.type from genre g1_0 where g1_0.type=?
2025-11-24 20:26:13 [restartedMain] DEBUG org.hibernate.SQL - select g1_0.id,g1_0.type from genre g1_0 where g1_0.type=?
2025-11-24 20:26:13 [restartedMain] DEBUG org.hibernate.SQL - select g1_0.id,g1_0.type from genre g1_0 where g1_0.type=?
2025-11-24 20:26:13 [restartedMain] DEBUG org.hibernate.SQL - select g1_0.id,g1_0.type from genre g1_0 where g1_0.type=?
2025-11-24 20:26:13 [restartedMain] DEBUG org.hibernate.SQL - select g1_0.id,g1_0.type from genre g1_0 where g1_0.type=?
2025-11-24 20:26:13 [restartedMain] DEBUG org.hibernate.SQL - select g1_0.id,g1_0.type from genre g1_0 where g1_0.type=?
2025-11-24 20:26:13 [restartedMain] DEBUG org.hibernate.SQL - select g1_0.id,g1_0.type from genre g1_0 where g1_0.type=?
2025-11-24 20:26:13 [restartedMain] DEBUG org.hibernate.SQL - select g1_0.id,g1_0.type from genre g1_0 where g1_0.type=?
2025-11-24 20:26:13 [restartedMain] DEBUG org.hibernate.SQL - select g1_0.id,g1_0.type from genre g1_0 where g1_0.type=?
2025-11-24 20:26:13 [restartedMain] DEBUG org.hibernate.SQL - select g1_0.id,g1_0.type from genre g1_0 where g1_0.type=?
2025-11-24 20:26:13 [restartedMain] DEBUG org.hibernate.SQL - select g1_0.id,g1_0.type from genre g1_0 where g1_0.type=?
2025-11-24 20:26:13 [restartedMain] DEBUG org.hibernate.SQL - select g1_0.id,g1_0.type from genre g1_0 where g1_0.type=?
2025-11-24 20:26:13 [restartedMain] DEBUG org.hibernate.SQL - select g1_0.id,g1_0.type from genre g1_0 where g1_0.type=?
2025-11-24 20:26:13 [restartedMain] DEBUG org.hibernate.SQL - select g1_0.id,g1_0.type from genre g1_0 where g1_0.type=?
2025-11-24 20:26:14 [restartedMain] DEBUG org.hibernate.SQL - select g1_0.id,g1_0.type from genre g1_0 where g1_0.type=?
2025-11-24 20:26:14 [restartedMain] DEBUG org.hibernate.SQL - select g1_0.id,g1_0.type from genre g1_0 where g1_0.type=?
2025-11-24 20:26:14 [restartedMain] DEBUG org.hibernate.SQL - select g1_0.id,g1_0.type from genre g1_0 where g1_0.type=?
2025-11-24 20:26:14 [restartedMain] DEBUG org.hibernate.SQL - select g1_0.id,g1_0.type from genre g1_0 where g1_0.type=?
2025-11-24 20:26:14 [restartedMain] DEBUG org.hibernate.SQL - select g1_0.id,g1_0.type from genre g1_0 where g1_0.type=?
2025-11-24 20:26:14 [restartedMain] DEBUG org.hibernate.SQL - select g1_0.id,g1_0.type from genre g1_0 where g1_0.type=?
2025-11-24 20:26:14 [restartedMain] DEBUG org.hibernate.SQL - select g1_0.id,g1_0.type from genre g1_0 where g1_0.type=?
2025-11-24 20:26:14 [restartedMain] DEBUG org.hibernate.SQL - select g1_0.id,g1_0.type from genre g1_0 where g1_0.type=?
2025-11-24 20:26:14 [restartedMain] DEBUG org.hibernate.SQL - select g1_0.id,g1_0.type from genre g1_0 where g1_0.type=?
2025-11-24 20:26:14 [restartedMain] DEBUG org.hibernate.SQL - select g1_0.id,g1_0.type from genre g1_0 where g1_0.type=?
2025-11-24 20:26:14 [restartedMain] DEBUG org.hibernate.SQL - select g1_0.id,g1_0.type from genre g1_0 where g1_0.type=?
2025-11-24 20:26:14 [restartedMain] DEBUG org.hibernate.SQL - select g1_0.id,g1_0.type from genre g1_0 where g1_0.type=?
2025-11-24 20:26:14 [restartedMain] DEBUG org.hibernate.SQL - select g1_0.id,g1_0.type from genre g1_0 where g1_0.type=?
2025-11-24 20:26:14 [restartedMain] DEBUG org.hibernate.SQL - select g1_0.id,g1_0.type from genre g1_0 where g1_0.type=?
2025-11-24 20:26:14 [restartedMain] DEBUG org.hibernate.SQL - select g1_0.id,g1_0.type from genre g1_0 where g1_0.type=?
2025-11-24 20:26:14 [restartedMain] DEBUG org.hibernate.SQL - select g1_0.id,g1_0.type from genre g1_0 where g1_0.type=?
2025-11-24 20:26:14 [restartedMain] DEBUG org.hibernate.SQL - select g1_0.id,g1_0.type from genre g1_0 where g1_0.type=?
2025-11-24 20:26:14 [restartedMain] DEBUG org.hibernate.SQL - select g1_0.id,g1_0.type from genre g1_0 where g1_0.type=?
2025-11-24 20:26:14 [restartedMain] DEBUG org.hibernate.SQL - select g1_0.id,g1_0.type from genre g1_0 where g1_0.type=?
2025-11-24 20:26:14 [restartedMain] DEBUG org.hibernate.SQL - select g1_0.id,g1_0.type from genre g1_0 where g1_0.type=?
2025-11-24 20:26:14 [restartedMain] DEBUG org.hibernate.SQL - select g1_0.id,g1_0.type from genre g1_0 where g1_0.type=?
2025-11-24 20:26:14 [restartedMain] DEBUG org.hibernate.SQL - select g1_0.id,g1_0.type from genre g1_0 where g1_0.type=?
2025-11-24 20:26:14 [restartedMain] DEBUG org.hibernate.SQL - select g1_0.id,g1_0.type from genre g1_0 where g1_0.type=?
2025-11-24 20:26:14 [restartedMain] DEBUG org.hibernate.SQL - select g1_0.id,g1_0.type from genre g1_0 where g1_0.type=?
2025-11-24 20:26:14 [restartedMain] DEBUG org.hibernate.SQL - select g1_0.id,g1_0.type from genre g1_0 where g1_0.type=?
2025-11-24 20:26:48 [http-nio-8080-exec-4] DEBUG org.hibernate.SQL - select u1_0.id,u1_0.dtype,u1_0.bio,u1_0.birthday,u1_0.email,u1_0.is_artist,u1_0.name,u1_0.password,u1_0.personal_link,u1_0.phone,u1_0.role,u1_0.surname,u1_0.username,u1_0.verified,u1_0.account_propietary,u1_0.artistic_name,u1_0.description,u1_0.iban,u1_0.is_trending,u1_0.monthly_streams,u1_0.profile_picture_name from user u1_0 where u1_0.username=?
2025-11-24 20:27:01 [http-nio-8080-exec-5] DEBUG org.hibernate.SQL - select u1_0.id,u1_0.dtype,u1_0.bio,u1_0.birthday,u1_0.email,u1_0.is_artist,u1_0.name,u1_0.password,u1_0.personal_link,u1_0.phone,u1_0.role,u1_0.surname,u1_0.username,u1_0.verified,u1_0.account_propietary,u1_0.artistic_name,u1_0.description,u1_0.iban,u1_0.is_trending,u1_0.monthly_streams,u1_0.profile_picture_name from user u1_0 where u1_0.username=?
2025-11-24 20:27:01 [http-nio-8080-exec-5] DEBUG org.hibernate.SQL - select u1_0.id,u1_0.dtype,u1_0.bio,u1_0.birthday,u1_0.email,u1_0.is_artist,u1_0.name,u1_0.password,u1_0.personal_link,u1_0.phone,u1_0.role,u1_0.surname,u1_0.username,u1_0.verified,u1_0.account_propietary,u1_0.artistic_name,u1_0.description,u1_0.iban,u1_0.is_trending,u1_0.monthly_streams,u1_0.profile_picture_name from user u1_0 where u1_0.username=?
2025-11-24 20:27:01 [http-nio-8080-exec-5] DEBUG org.hibernate.SQL - select u1_0.id,u1_0.dtype,u1_0.bio,u1_0.birthday,u1_0.email,u1_0.is_artist,u1_0.name,u1_0.password,u1_0.personal_link,u1_0.phone,u1_0.role,u1_0.surname,u1_0.username,u1_0.verified,u1_0.account_propietary,u1_0.artistic_name,u1_0.description,u1_0.iban,u1_0.is_trending,u1_0.monthly_streams,u1_0.profile_picture_name from user u1_0 where u1_0.username=?
2025-11-24 20:27:14 [http-nio-8080-exec-6] DEBUG org.hibernate.SQL - select u1_0.id,u1_0.dtype,u1_0.bio,u1_0.birthday,u1_0.email,u1_0.is_artist,u1_0.name,u1_0.password,u1_0.personal_link,u1_0.phone,u1_0.role,u1_0.surname,u1_0.username,u1_0.verified,u1_0.account_propietary,u1_0.artistic_name,u1_0.description,u1_0.iban,u1_0.is_trending,u1_0.monthly_streams,u1_0.profile_picture_name from user u1_0 where u1_0.username=?
2025-11-24 20:27:21 [http-nio-8080-exec-8] DEBUG org.hibernate.SQL - select u1_0.id,u1_0.dtype,u1_0.bio,u1_0.birthday,u1_0.email,u1_0.is_artist,u1_0.name,u1_0.password,u1_0.personal_link,u1_0.phone,u1_0.role,u1_0.surname,u1_0.username,u1_0.verified,u1_0.account_propietary,u1_0.artistic_name,u1_0.description,u1_0.iban,u1_0.is_trending,u1_0.monthly_streams,u1_0.profile_picture_name from user u1_0 where u1_0.username=?
2025-11-24 20:27:30 [http-nio-8080-exec-10] DEBUG org.hibernate.SQL - select u1_0.id,u1_0.dtype,u1_0.bio,u1_0.birthday,u1_0.email,u1_0.is_artist,u1_0.name,u1_0.password,u1_0.personal_link,u1_0.phone,u1_0.role,u1_0.surname,u1_0.username,u1_0.verified,u1_0.account_propietary,u1_0.artistic_name,u1_0.description,u1_0.iban,u1_0.is_trending,u1_0.monthly_streams,u1_0.profile_picture_name from user u1_0 where u1_0.username=?
2025-11-24 20:27:48 [http-nio-8080-exec-4] DEBUG org.hibernate.SQL - select u1_0.id,u1_0.dtype,u1_0.bio,u1_0.birthday,u1_0.email,u1_0.is_artist,u1_0.name,u1_0.password,u1_0.personal_link,u1_0.phone,u1_0.role,u1_0.surname,u1_0.username,u1_0.verified,u1_0.account_propietary,u1_0.artistic_name,u1_0.description,u1_0.iban,u1_0.is_trending,u1_0.monthly_streams,u1_0.profile_picture_name from user u1_0 where u1_0.username=?
2025-11-24 20:28:09 [http-nio-8080-exec-5] DEBUG org.hibernate.SQL - select u1_0.id,u1_0.dtype,u1_0.bio,u1_0.birthday,u1_0.email,u1_0.is_artist,u1_0.name,u1_0.password,u1_0.personal_link,u1_0.phone,u1_0.role,u1_0.surname,u1_0.username,u1_0.verified,u1_0.account_propietary,u1_0.artistic_name,u1_0.description,u1_0.iban,u1_0.is_trending,u1_0.monthly_streams,u1_0.profile_picture_name from user u1_0 where u1_0.username=?
2025-11-24 20:28:09 [http-nio-8080-exec-5] DEBUG org.hibernate.SQL - select u1_0.id,u1_0.dtype,u1_0.bio,u1_0.birthday,u1_0.email,u1_0.is_artist,u1_0.name,u1_0.password,u1_0.personal_link,u1_0.phone,u1_0.role,u1_0.surname,u1_0.username,u1_0.verified,u1_0.account_propietary,u1_0.artistic_name,u1_0.description,u1_0.iban,u1_0.is_trending,u1_0.monthly_streams,u1_0.profile_picture_name from user u1_0 where u1_0.username=?
2025-11-24 20:28:09 [http-nio-8080-exec-5] DEBUG org.hibernate.SQL - select u1_0.id,u1_0.dtype,u1_0.bio,u1_0.birthday,u1_0.email,u1_0.is_artist,u1_0.name,u1_0.password,u1_0.personal_link,u1_0.phone,u1_0.role,u1_0.surname,u1_0.username,u1_0.verified,u1_0.account_propietary,u1_0.artistic_name,u1_0.description,u1_0.iban,u1_0.is_trending,u1_0.monthly_streams,u1_0.profile_picture_name from user u1_0 where u1_0.username=?
2025-11-24 20:28:23 [http-nio-8080-exec-3] DEBUG org.hibernate.SQL - select u1_0.id,u1_0.dtype,u1_0.bio,u1_0.birthday,u1_0.email,u1_0.is_artist,u1_0.name,u1_0.password,u1_0.personal_link,u1_0.phone,u1_0.role,u1_0.surname,u1_0.username,u1_0.verified,u1_0.account_propietary,u1_0.artistic_name,u1_0.description,u1_0.iban,u1_0.is_trending,u1_0.monthly_streams,u1_0.profile_picture_name from user u1_0 where u1_0.username=?
2025-11-24 20:28:23 [http-nio-8080-exec-3] DEBUG org.hibernate.SQL - select u1_0.id,u1_0.dtype,u1_0.bio,u1_0.birthday,u1_0.email,u1_0.is_artist,u1_0.name,u1_0.password,u1_0.personal_link,u1_0.phone,u1_0.role,u1_0.surname,u1_0.username,u1_0.verified,u1_0.account_propietary,u1_0.artistic_name,u1_0.description,u1_0.iban,u1_0.is_trending,u1_0.monthly_streams,u1_0.profile_picture_name from user u1_0 where u1_0.username=?
2025-11-24 20:28:23 [http-nio-8080-exec-3] DEBUG org.hibernate.SQL - select u1_0.id,u1_0.dtype,u1_0.bio,u1_0.birthday,u1_0.email,u1_0.is_artist,u1_0.name,u1_0.password,u1_0.personal_link,u1_0.phone,u1_0.role,u1_0.surname,u1_0.username,u1_0.verified,u1_0.account_propietary,u1_0.artistic_name,u1_0.description,u1_0.iban,u1_0.is_trending,u1_0.monthly_streams,u1_0.profile_picture_name from user u1_0 where u1_0.username=?
2025-11-24 20:28:41 [http-nio-8080-exec-2] DEBUG org.hibernate.SQL - select u1_0.id,u1_0.dtype,u1_0.bio,u1_0.birthday,u1_0.email,u1_0.is_artist,u1_0.name,u1_0.password,u1_0.personal_link,u1_0.phone,u1_0.role,u1_0.surname,u1_0.username,u1_0.verified,u1_0.account_propietary,u1_0.artistic_name,u1_0.description,u1_0.iban,u1_0.is_trending,u1_0.monthly_streams,u1_0.profile_picture_name from user u1_0 where u1_0.username=?
2025-11-24 20:28:42 [http-nio-8080-exec-2] DEBUG org.hibernate.SQL - select u1_0.id,u1_0.dtype,u1_0.bio,u1_0.birthday,u1_0.email,u1_0.is_artist,u1_0.name,u1_0.password,u1_0.personal_link,u1_0.phone,u1_0.role,u1_0.surname,u1_0.username,u1_0.verified,u1_0.account_propietary,u1_0.artistic_name,u1_0.description,u1_0.iban,u1_0.is_trending,u1_0.monthly_streams,u1_0.profile_picture_name from user u1_0 where u1_0.username=?
2025-11-24 20:28:42 [http-nio-8080-exec-2] DEBUG org.hibernate.SQL - select u1_0.id,u1_0.dtype,u1_0.bio,u1_0.birthday,u1_0.email,u1_0.is_artist,u1_0.name,u1_0.password,u1_0.personal_link,u1_0.phone,u1_0.role,u1_0.surname,u1_0.username,u1_0.verified,u1_0.account_propietary,u1_0.artistic_name,u1_0.description,u1_0.iban,u1_0.is_trending,u1_0.monthly_streams,u1_0.profile_picture_name from user u1_0 where u1_0.username=?
2025-11-24 20:28:51 [http-nio-8080-exec-9] DEBUG org.hibernate.SQL - select u1_0.id,u1_0.dtype,u1_0.bio,u1_0.birthday,u1_0.email,u1_0.is_artist,u1_0.name,u1_0.password,u1_0.personal_link,u1_0.phone,u1_0.role,u1_0.surname,u1_0.username,u1_0.verified,u1_0.account_propietary,u1_0.artistic_name,u1_0.description,u1_0.iban,u1_0.is_trending,u1_0.monthly_streams,u1_0.profile_picture_name from user u1_0 where u1_0.username=?
2025-11-24 20:28:51 [http-nio-8080-exec-9] DEBUG org.hibernate.SQL - select u1_0.id,u1_0.dtype,u1_0.bio,u1_0.birthday,u1_0.email,u1_0.is_artist,u1_0.name,u1_0.password,u1_0.personal_link,u1_0.phone,u1_0.role,u1_0.surname,u1_0.username,u1_0.verified,u1_0.account_propietary,u1_0.artistic_name,u1_0.description,u1_0.iban,u1_0.is_trending,u1_0.monthly_streams,u1_0.profile_picture_name from user u1_0 where u1_0.username=?
2025-11-24 20:30:09 [http-nio-8080-exec-6] DEBUG org.hibernate.SQL - select u1_0.id,u1_0.dtype,u1_0.bio,u1_0.birthday,u1_0.email,u1_0.is_artist,u1_0.name,u1_0.password,u1_0.personal_link,u1_0.phone,u1_0.role,u1_0.surname,u1_0.username,u1_0.verified,u1_0.account_propietary,u1_0.artistic_name,u1_0.description,u1_0.iban,u1_0.is_trending,u1_0.monthly_streams,u1_0.profile_picture_name from user u1_0 where u1_0.username=?
2025-11-24 20:30:47 [http-nio-8080-exec-2] DEBUG org.hibernate.SQL - select u1_0.id,u1_0.dtype,u1_0.bio,u1_0.birthday,u1_0.email,u1_0.is_artist,u1_0.name,u1_0.password,u1_0.personal_link,u1_0.phone,u1_0.role,u1_0.surname,u1_0.username,u1_0.verified,u1_0.account_propietary,u1_0.artistic_name,u1_0.description,u1_0.iban,u1_0.is_trending,u1_0.monthly_streams,u1_0.profile_picture_name from user u1_0 where u1_0.email=?
2025-11-24 20:30:47 [http-nio-8080-exec-2] DEBUG org.hibernate.SQL - select u1_0.id,u1_0.dtype,u1_0.bio,u1_0.birthday,u1_0.email,u1_0.is_artist,u1_0.name,u1_0.password,u1_0.personal_link,u1_0.phone,u1_0.role,u1_0.surname,u1_0.username,u1_0.verified,u1_0.account_propietary,u1_0.artistic_name,u1_0.description,u1_0.iban,u1_0.is_trending,u1_0.monthly_streams,u1_0.profile_picture_name from user u1_0 where u1_0.username=?
2025-11-24 20:30:47 [http-nio-8080-exec-2] DEBUG org.hibernate.SQL - select u1_0.id,u1_0.dtype,u1_0.bio,u1_0.birthday,u1_0.email,u1_0.is_artist,u1_0.name,u1_0.password,u1_0.personal_link,u1_0.phone,u1_0.role,u1_0.surname,u1_0.username,u1_0.verified,u1_0.account_propietary,u1_0.artistic_name,u1_0.description,u1_0.iban,u1_0.is_trending,u1_0.monthly_streams,u1_0.profile_picture_name from user u1_0 where u1_0.username=?
2025-11-24 20:31:22 [http-nio-8080-exec-8] DEBUG org.hibernate.SQL - select u1_0.id,u1_0.dtype,u1_0.bio,u1_0.birthday,u1_0.email,u1_0.is_artist,u1_0.name,u1_0.password,u1_0.personal_link,u1_0.phone,u1_0.role,u1_0.surname,u1_0.username,u1_0.verified,u1_0.account_propietary,u1_0.artistic_name,u1_0.description,u1_0.iban,u1_0.is_trending,u1_0.monthly_streams,u1_0.profile_picture_name from user u1_0 where u1_0.username=?
2025-11-24 20:32:08 [http-nio-8080-exec-2] DEBUG org.hibernate.SQL - select u1_0.id,u1_0.dtype,u1_0.bio,u1_0.birthday,u1_0.email,u1_0.is_artist,u1_0.name,u1_0.password,u1_0.personal_link,u1_0.phone,u1_0.role,u1_0.surname,u1_0.username,u1_0.verified,u1_0.account_propietary,u1_0.artistic_name,u1_0.description,u1_0.iban,u1_0.is_trending,u1_0.monthly_streams,u1_0.profile_picture_name from user u1_0 where u1_0.email=?
2025-11-24 20:32:08 [http-nio-8080-exec-2] DEBUG org.hibernate.SQL - select u1_0.id,u1_0.dtype,u1_0.bio,u1_0.birthday,u1_0.email,u1_0.is_artist,u1_0.name,u1_0.password,u1_0.personal_link,u1_0.phone,u1_0.role,u1_0.surname,u1_0.username,u1_0.verified,u1_0.account_propietary,u1_0.artistic_name,u1_0.description,u1_0.iban,u1_0.is_trending,u1_0.monthly_streams,u1_0.profile_picture_name from user u1_0 where u1_0.username=?
2025-11-24 20:32:08 [http-nio-8080-exec-2] DEBUG org.hibernate.SQL - select u1_0.id,u1_0.dtype,u1_0.bio,u1_0.birthday,u1_0.email,u1_0.is_artist,u1_0.name,u1_0.password,u1_0.personal_link,u1_0.phone,u1_0.role,u1_0.surname,u1_0.username,u1_0.verified,u1_0.account_propietary,u1_0.artistic_name,u1_0.description,u1_0.iban,u1_0.is_trending,u1_0.monthly_streams,u1_0.profile_picture_name from user u1_0 where u1_0.username=?
2025-11-24 20:32:30 [http-nio-8080-exec-5] DEBUG org.hibernate.SQL - select u1_0.id,u1_0.dtype,u1_0.bio,u1_0.birthday,u1_0.email,u1_0.is_artist,u1_0.name,u1_0.password,u1_0.personal_link,u1_0.phone,u1_0.role,u1_0.surname,u1_0.username,u1_0.verified,u1_0.account_propietary,u1_0.artistic_name,u1_0.description,u1_0.iban,u1_0.is_trending,u1_0.monthly_streams,u1_0.profile_picture_name from user u1_0 where u1_0.username=?
2025-11-24 20:34:59 [http-nio-8080-exec-7] DEBUG org.hibernate.SQL - select u1_0.id,u1_0.dtype,u1_0.bio,u1_0.birthday,u1_0.email,u1_0.is_artist,u1_0.name,u1_0.password,u1_0.personal_link,u1_0.phone,u1_0.role,u1_0.surname,u1_0.username,u1_0.verified,u1_0.account_propietary,u1_0.artistic_name,u1_0.description,u1_0.iban,u1_0.is_trending,u1_0.monthly_streams,u1_0.profile_picture_name from user u1_0 where u1_0.username=?
2025-11-24 20:35:39 [http-nio-8080-exec-9] DEBUG org.hibernate.SQL - select u1_0.id,u1_0.dtype,u1_0.bio,u1_0.birthday,u1_0.email,u1_0.is_artist,u1_0.name,u1_0.password,u1_0.personal_link,u1_0.phone,u1_0.role,u1_0.surname,u1_0.username,u1_0.verified,u1_0.account_propietary,u1_0.artistic_name,u1_0.description,u1_0.iban,u1_0.is_trending,u1_0.monthly_streams,u1_0.profile_picture_name from user u1_0 where u1_0.username=?
2025-11-24 20:36:06 [http-nio-8080-exec-10] DEBUG org.hibernate.SQL - select u1_0.id,u1_0.dtype,u1_0.bio,u1_0.birthday,u1_0.email,u1_0.is_artist,u1_0.name,u1_0.password,u1_0.personal_link,u1_0.phone,u1_0.role,u1_0.surname,u1_0.username,u1_0.verified,u1_0.account_propietary,u1_0.artistic_name,u1_0.description,u1_0.iban,u1_0.is_trending,u1_0.monthly_streams,u1_0.profile_picture_name from user u1_0 where u1_0.username=?
2025-11-24 20:37:04 [http-nio-8080-exec-2] DEBUG org.hibernate.SQL - select u1_0.id,u1_0.dtype,u1_0.bio,u1_0.birthday,u1_0.email,u1_0.is_artist,u1_0.name,u1_0.password,u1_0.personal_link,u1_0.phone,u1_0.role,u1_0.surname,u1_0.username,u1_0.verified,u1_0.account_propietary,u1_0.artistic_name,u1_0.description,u1_0.iban,u1_0.is_trending,u1_0.monthly_streams,u1_0.profile_picture_name from user u1_0 where u1_0.username=?
2025-11-24 20:41:13 [http-nio-8080-exec-8] DEBUG org.hibernate.SQL - select u1_0.id,u1_0.dtype,u1_0.bio,u1_0.birthday,u1_0.email,u1_0.is_artist,u1_0.name,u1_0.password,u1_0.personal_link,u1_0.phone,u1_0.role,u1_0.surname,u1_0.username,u1_0.verified,u1_0.account_propietary,u1_0.artistic_name,u1_0.description,u1_0.iban,u1_0.is_trending,u1_0.monthly_streams,u1_0.profile_picture_name from user u1_0 where u1_0.username=?
2025-11-24 20:46:18 [http-nio-8080-exec-7] DEBUG org.hibernate.SQL - select u1_0.id,u1_0.dtype,u1_0.bio,u1_0.birthday,u1_0.email,u1_0.is_artist,u1_0.name,u1_0.password,u1_0.personal_link,u1_0.phone,u1_0.role,u1_0.surname,u1_0.username,u1_0.verified,u1_0.account_propietary,u1_0.artistic_name,u1_0.description,u1_0.iban,u1_0.is_trending,u1_0.monthly_streams,u1_0.profile_picture_name from user u1_0 where u1_0.username=?
2025-11-24 20:46:58 [http-nio-8080-exec-9] DEBUG org.hibernate.SQL - select u1_0.id,u1_0.dtype,u1_0.bio,u1_0.birthday,u1_0.email,u1_0.is_artist,u1_0.name,u1_0.password,u1_0.personal_link,u1_0.phone,u1_0.role,u1_0.surname,u1_0.username,u1_0.verified,u1_0.account_propietary,u1_0.artistic_name,u1_0.description,u1_0.iban,u1_0.is_trending,u1_0.monthly_streams,u1_0.profile_picture_name from user u1_0 where u1_0.username=?
2025-11-24 20:47:47 [http-nio-8080-exec-10] DEBUG org.hibernate.SQL - select u1_0.id,u1_0.dtype,u1_0.bio,u1_0.birthday,u1_0.email,u1_0.is_artist,u1_0.name,u1_0.password,u1_0.personal_link,u1_0.phone,u1_0.role,u1_0.surname,u1_0.username,u1_0.verified,u1_0.account_propietary,u1_0.artistic_name,u1_0.description,u1_0.iban,u1_0.is_trending,u1_0.monthly_streams,u1_0.profile_picture_name from user u1_0 where u1_0.username=?
2025-11-24 20:49:19 [http-nio-8080-exec-9] DEBUG org.hibernate.SQL - select u1_0.id,u1_0.dtype,u1_0.bio,u1_0.birthday,u1_0.email,u1_0.is_artist,u1_0.name,u1_0.password,u1_0.personal_link,u1_0.phone,u1_0.role,u1_0.surname,u1_0.username,u1_0.verified,u1_0.account_propietary,u1_0.artistic_name,u1_0.description,u1_0.iban,u1_0.is_trending,u1_0.monthly_streams,u1_0.profile_picture_name from user u1_0 where u1_0.username=?
2025-11-24 20:49:46 [http-nio-8080-exec-3] DEBUG org.hibernate.SQL - select u1_0.id,u1_0.dtype,u1_0.bio,u1_0.birthday,u1_0.email,u1_0.is_artist,u1_0.name,u1_0.password,u1_0.personal_link,u1_0.phone,u1_0.role,u1_0.surname,u1_0.username,u1_0.verified,u1_0.account_propietary,u1_0.artistic_name,u1_0.description,u1_0.iban,u1_0.is_trending,u1_0.monthly_streams,u1_0.profile_picture_name from user u1_0 where u1_0.username=?
2025-11-24 20:51:23 [http-nio-8080-exec-4] DEBUG org.hibernate.SQL - select u1_0.id,u1_0.dtype,u1_0.bio,u1_0.birthday,u1_0.email,u1_0.is_artist,u1_0.name,u1_0.password,u1_0.personal_link,u1_0.phone,u1_0.role,u1_0.surname,u1_0.username,u1_0.verified,u1_0.account_propietary,u1_0.artistic_name,u1_0.description,u1_0.iban,u1_0.is_trending,u1_0.monthly_streams,u1_0.profile_picture_name from user u1_0 where u1_0.email=?
2025-11-24 20:51:23 [http-nio-8080-exec-4] DEBUG org.hibernate.SQL - select u1_0.id,u1_0.dtype,u1_0.bio,u1_0.birthday,u1_0.email,u1_0.is_artist,u1_0.name,u1_0.password,u1_0.personal_link,u1_0.phone,u1_0.role,u1_0.surname,u1_0.username,u1_0.verified,u1_0.account_propietary,u1_0.artistic_name,u1_0.description,u1_0.iban,u1_0.is_trending,u1_0.monthly_streams,u1_0.profile_picture_name from user u1_0 where u1_0.username=?
2025-11-24 20:51:23 [http-nio-8080-exec-4] DEBUG org.hibernate.SQL - select u1_0.id,u1_0.dtype,u1_0.bio,u1_0.birthday,u1_0.email,u1_0.is_artist,u1_0.name,u1_0.password,u1_0.personal_link,u1_0.phone,u1_0.role,u1_0.surname,u1_0.username,u1_0.verified,u1_0.account_propietary,u1_0.artistic_name,u1_0.description,u1_0.iban,u1_0.is_trending,u1_0.monthly_streams,u1_0.profile_picture_name from user u1_0 where u1_0.username=?
2025-11-24 20:52:13 [http-nio-8080-exec-9] DEBUG org.hibernate.SQL - select u1_0.id,u1_0.dtype,u1_0.bio,u1_0.birthday,u1_0.email,u1_0.is_artist,u1_0.name,u1_0.password,u1_0.personal_link,u1_0.phone,u1_0.role,u1_0.surname,u1_0.username,u1_0.verified,u1_0.account_propietary,u1_0.artistic_name,u1_0.description,u1_0.iban,u1_0.is_trending,u1_0.monthly_streams,u1_0.profile_picture_name from user u1_0 where u1_0.username=?
2025-11-24 20:52:13 [http-nio-8080-exec-9] DEBUG org.hibernate.SQL - select u1_0.id,u1_0.dtype,u1_0.bio,u1_0.birthday,u1_0.email,u1_0.is_artist,u1_0.name,u1_0.password,u1_0.personal_link,u1_0.phone,u1_0.role,u1_0.surname,u1_0.username,u1_0.verified,u1_0.account_propietary,u1_0.artistic_name,u1_0.description,u1_0.iban,u1_0.is_trending,u1_0.monthly_streams,u1_0.profile_picture_name from user u1_0 where u1_0.username=?
2025-11-24 20:52:13 [http-nio-8080-exec-5] DEBUG org.hibernate.SQL - select u1_0.id,u1_0.dtype,u1_0.bio,u1_0.birthday,u1_0.email,u1_0.is_artist,u1_0.name,u1_0.password,u1_0.personal_link,u1_0.phone,u1_0.role,u1_0.surname,u1_0.username,u1_0.verified,u1_0.account_propietary,u1_0.artistic_name,u1_0.description,u1_0.iban,u1_0.is_trending,u1_0.monthly_streams,u1_0.profile_picture_name from user u1_0 where u1_0.username=?
2025-11-24 20:52:13 [http-nio-8080-exec-5] DEBUG org.hibernate.SQL - select u1_0.id,u1_0.dtype,u1_0.bio,u1_0.birthday,u1_0.email,u1_0.is_artist,u1_0.name,u1_0.password,u1_0.personal_link,u1_0.phone,u1_0.role,u1_0.surname,u1_0.username,u1_0.verified,u1_0.account_propietary,u1_0.artistic_name,u1_0.description,u1_0.iban,u1_0.is_trending,u1_0.monthly_streams,u1_0.profile_picture_name from user u1_0 where u1_0.username=?
2025-11-24 20:52:13 [http-nio-8080-exec-8] DEBUG org.hibernate.SQL - select u1_0.id,u1_0.dtype,u1_0.bio,u1_0.birthday,u1_0.email,u1_0.is_artist,u1_0.name,u1_0.password,u1_0.personal_link,u1_0.phone,u1_0.role,u1_0.surname,u1_0.username,u1_0.verified,u1_0.account_propietary,u1_0.artistic_name,u1_0.description,u1_0.iban,u1_0.is_trending,u1_0.monthly_streams,u1_0.profile_picture_name from user u1_0 where u1_0.username=?
2025-11-24 20:52:13 [http-nio-8080-exec-8] DEBUG org.hibernate.SQL - select u1_0.id,u1_0.dtype,u1_0.bio,u1_0.birthday,u1_0.email,u1_0.is_artist,u1_0.name,u1_0.password,u1_0.personal_link,u1_0.phone,u1_0.role,u1_0.surname,u1_0.username,u1_0.verified,u1_0.account_propietary,u1_0.artistic_name,u1_0.description,u1_0.iban,u1_0.is_trending,u1_0.monthly_streams,u1_0.profile_picture_name from user u1_0 where u1_0.username=?
2025-11-24 20:54:09 [http-nio-8080-exec-2] DEBUG org.hibernate.SQL - select u1_0.id,u1_0.dtype,u1_0.bio,u1_0.birthday,u1_0.email,u1_0.is_artist,u1_0.name,u1_0.password,u1_0.personal_link,u1_0.phone,u1_0.role,u1_0.surname,u1_0.username,u1_0.verified,u1_0.account_propietary,u1_0.artistic_name,u1_0.description,u1_0.iban,u1_0.is_trending,u1_0.monthly_streams,u1_0.profile_picture_name from user u1_0 where u1_0.username=?
2025-11-24 20:54:09 [http-nio-8080-exec-2] DEBUG org.hibernate.SQL - select u1_0.id,u1_0.dtype,u1_0.bio,u1_0.birthday,u1_0.email,u1_0.is_artist,u1_0.name,u1_0.password,u1_0.personal_link,u1_0.phone,u1_0.role,u1_0.surname,u1_0.username,u1_0.verified,u1_0.account_propietary,u1_0.artistic_name,u1_0.description,u1_0.iban,u1_0.is_trending,u1_0.monthly_streams,u1_0.profile_picture_name from user u1_0 where u1_0.username=?
2025-11-24 20:54:09 [http-nio-8080-exec-4] DEBUG org.hibernate.SQL - select u1_0.id,u1_0.dtype,u1_0.bio,u1_0.birthday,u1_0.email,u1_0.is_artist,u1_0.name,u1_0.password,u1_0.personal_link,u1_0.phone,u1_0.role,u1_0.surname,u1_0.username,u1_0.verified,u1_0.account_propietary,u1_0.artistic_name,u1_0.description,u1_0.iban,u1_0.is_trending,u1_0.monthly_streams,u1_0.profile_picture_name from user u1_0 where u1_0.username=?
2025-11-24 20:54:09 [http-nio-8080-exec-4] DEBUG org.hibernate.SQL - select u1_0.id,u1_0.dtype,u1_0.bio,u1_0.birthday,u1_0.email,u1_0.is_artist,u1_0.name,u1_0.password,u1_0.personal_link,u1_0.phone,u1_0.role,u1_0.surname,u1_0.username,u1_0.verified,u1_0.account_propietary,u1_0.artistic_name,u1_0.description,u1_0.iban,u1_0.is_trending,u1_0.monthly_streams,u1_0.profile_picture_name from user u1_0 where u1_0.username=?
2025-11-24 20:54:09 [http-nio-8080-exec-1] DEBUG org.hibernate.SQL - select u1_0.id,u1_0.dtype,u1_0.bio,u1_0.birthday,u1_0.email,u1_0.is_artist,u1_0.name,u1_0.password,u1_0.personal_link,u1_0.phone,u1_0.role,u1_0.surname,u1_0.username,u1_0.verified,u1_0.account_propietary,u1_0.artistic_name,u1_0.description,u1_0.iban,u1_0.is_trending,u1_0.monthly_streams,u1_0.profile_picture_name from user u1_0 where u1_0.username=?
2025-11-24 20:54:09 [http-nio-8080-exec-1] DEBUG org.hibernate.SQL - select u1_0.id,u1_0.dtype,u1_0.bio,u1_0.birthday,u1_0.email,u1_0.is_artist,u1_0.name,u1_0.password,u1_0.personal_link,u1_0.phone,u1_0.role,u1_0.surname,u1_0.username,u1_0.verified,u1_0.account_propietary,u1_0.artistic_name,u1_0.description,u1_0.iban,u1_0.is_trending,u1_0.monthly_streams,u1_0.profile_picture_name from user u1_0 where u1_0.username=?
2025-11-24 20:56:15 [Test worker] DEBUG org.hibernate.SQL - alter table payment modify column status enum ('COMPLETED','FAILED','PENDING') not null
2025-11-24 20:56:15 [Test worker] DEBUG org.hibernate.SQL - select g1_0.id,g1_0.type from genre g1_0 where g1_0.type=?
2025-11-24 20:56:15 [Test worker] DEBUG org.hibernate.SQL - select g1_0.id,g1_0.type from genre g1_0 where g1_0.type=?
2025-11-24 20:56:15 [Test worker] DEBUG org.hibernate.SQL - select g1_0.id,g1_0.type from genre g1_0 where g1_0.type=?
2025-11-24 20:56:15 [Test worker] DEBUG org.hibernate.SQL - select g1_0.id,g1_0.type from genre g1_0 where g1_0.type=?
2025-11-24 20:56:15 [Test worker] DEBUG org.hibernate.SQL - select g1_0.id,g1_0.type from genre g1_0 where g1_0.type=?
2025-11-24 20:56:15 [Test worker] DEBUG org.hibernate.SQL - select g1_0.id,g1_0.type from genre g1_0 where g1_0.type=?
2025-11-24 20:56:15 [Test worker] DEBUG org.hibernate.SQL - select g1_0.id,g1_0.type from genre g1_0 where g1_0.type=?
2025-11-24 20:56:15 [Test worker] DEBUG org.hibernate.SQL - select g1_0.id,g1_0.type from genre g1_0 where g1_0.type=?
2025-11-24 20:56:15 [Test worker] DEBUG org.hibernate.SQL - select g1_0.id,g1_0.type from genre g1_0 where g1_0.type=?
2025-11-24 20:56:15 [Test worker] DEBUG org.hibernate.SQL - select g1_0.id,g1_0.type from genre g1_0 where g1_0.type=?
2025-11-24 20:56:15 [Test worker] DEBUG org.hibernate.SQL - select g1_0.id,g1_0.type from genre g1_0 where g1_0.type=?
2025-11-24 20:56:15 [Test worker] DEBUG org.hibernate.SQL - select g1_0.id,g1_0.type from genre g1_0 where g1_0.type=?
2025-11-24 20:56:15 [Test worker] DEBUG org.hibernate.SQL - select g1_0.id,g1_0.type from genre g1_0 where g1_0.type=?
2025-11-24 20:56:15 [Test worker] DEBUG org.hibernate.SQL - select g1_0.id,g1_0.type from genre g1_0 where g1_0.type=?
2025-11-24 20:56:15 [Test worker] DEBUG org.hibernate.SQL - select g1_0.id,g1_0.type from genre g1_0 where g1_0.type=?
2025-11-24 20:56:15 [Test worker] DEBUG org.hibernate.SQL - select g1_0.id,g1_0.type from genre g1_0 where g1_0.type=?
2025-11-24 20:56:15 [Test worker] DEBUG org.hibernate.SQL - select g1_0.id,g1_0.type from genre g1_0 where g1_0.type=?
2025-11-24 20:56:15 [Test worker] DEBUG org.hibernate.SQL - select g1_0.id,g1_0.type from genre g1_0 where g1_0.type=?
2025-11-24 20:56:15 [Test worker] DEBUG org.hibernate.SQL - select g1_0.id,g1_0.type from genre g1_0 where g1_0.type=?
2025-11-24 20:56:15 [Test worker] DEBUG org.hibernate.SQL - select g1_0.id,g1_0.type from genre g1_0 where g1_0.type=?
2025-11-24 20:56:15 [Test worker] DEBUG org.hibernate.SQL - select g1_0.id,g1_0.type from genre g1_0 where g1_0.type=?
2025-11-24 20:56:15 [Test worker] DEBUG org.hibernate.SQL - select g1_0.id,g1_0.type from genre g1_0 where g1_0.type=?
2025-11-24 20:56:15 [Test worker] DEBUG org.hibernate.SQL - select g1_0.id,g1_0.type from genre g1_0 where g1_0.type=?
2025-11-24 20:56:15 [Test worker] DEBUG org.hibernate.SQL - select g1_0.id,g1_0.type from genre g1_0 where g1_0.type=?
2025-11-24 20:56:15 [Test worker] DEBUG org.hibernate.SQL - select g1_0.id,g1_0.type from genre g1_0 where g1_0.type=?
2025-11-24 20:56:15 [Test worker] DEBUG org.hibernate.SQL - select g1_0.id,g1_0.type from genre g1_0 where g1_0.type=?
2025-11-24 20:56:15 [Test worker] DEBUG org.hibernate.SQL - select g1_0.id,g1_0.type from genre g1_0 where g1_0.type=?
2025-11-24 20:56:15 [Test worker] DEBUG org.hibernate.SQL - select g1_0.id,g1_0.type from genre g1_0 where g1_0.type=?
2025-11-24 20:56:15 [Test worker] DEBUG org.hibernate.SQL - select g1_0.id,g1_0.type from genre g1_0 where g1_0.type=?
2025-11-24 20:56:15 [Test worker] DEBUG org.hibernate.SQL - select g1_0.id,g1_0.type from genre g1_0 where g1_0.type=?
2025-11-24 20:56:15 [Test worker] DEBUG org.hibernate.SQL - select g1_0.id,g1_0.type from genre g1_0 where g1_0.type=?
2025-11-24 20:56:15 [Test worker] DEBUG org.hibernate.SQL - select g1_0.id,g1_0.type from genre g1_0 where g1_0.type=?
2025-11-24 20:56:15 [Test worker] DEBUG org.hibernate.SQL - select g1_0.id,g1_0.type from genre g1_0 where g1_0.type=?
2025-11-24 20:56:15 [Test worker] DEBUG org.hibernate.SQL - select g1_0.id,g1_0.type from genre g1_0 where g1_0.type=?
2025-11-24 20:56:15 [Test worker] DEBUG org.hibernate.SQL - select g1_0.id,g1_0.type from genre g1_0 where g1_0.type=?
2025-11-24 20:56:15 [Test worker] DEBUG org.hibernate.SQL - select g1_0.id,g1_0.type from genre g1_0 where g1_0.type=?
2025-11-24 20:56:15 [Test worker] DEBUG org.hibernate.SQL - select g1_0.id,g1_0.type from genre g1_0 where g1_0.type=?
2025-11-24 20:56:15 [Test worker] DEBUG org.hibernate.SQL - select g1_0.id,g1_0.type from genre g1_0 where g1_0.type=?
2025-11-24 20:56:15 [Test worker] DEBUG org.hibernate.SQL - select g1_0.id,g1_0.type from genre g1_0 where g1_0.type=?
2025-11-24 20:56:15 [Test worker] DEBUG org.hibernate.SQL - select g1_0.id,g1_0.type from genre g1_0 where g1_0.type=?
2025-11-24 20:56:15 [Test worker] DEBUG org.hibernate.SQL - select g1_0.id,g1_0.type from genre g1_0 where g1_0.type=?
2025-11-24 20:56:15 [Test worker] DEBUG org.hibernate.SQL - select g1_0.id,g1_0.type from genre g1_0 where g1_0.type=?
2025-11-24 20:56:15 [Test worker] DEBUG org.hibernate.SQL - select g1_0.id,g1_0.type from genre g1_0 where g1_0.type=?
2025-11-24 20:56:15 [Test worker] DEBUG org.hibernate.SQL - select g1_0.id,g1_0.type from genre g1_0 where g1_0.type=?
2025-11-24 20:56:15 [Test worker] DEBUG org.hibernate.SQL - select g1_0.id,g1_0.type from genre g1_0 where g1_0.type=?
2025-11-24 20:56:15 [Test worker] DEBUG org.hibernate.SQL - select g1_0.id,g1_0.type from genre g1_0 where g1_0.type=?
2025-11-24 20:56:15 [Test worker] DEBUG org.hibernate.SQL - select g1_0.id,g1_0.type from genre g1_0 where g1_0.type=?
2025-11-24 20:56:15 [Test worker] DEBUG org.hibernate.SQL - select g1_0.id,g1_0.type from genre g1_0 where g1_0.type=?
2025-11-24 20:56:15 [Test worker] DEBUG org.hibernate.SQL - select g1_0.id,g1_0.type from genre g1_0 where g1_0.type=?
2025-11-24 20:56:15 [Test worker] DEBUG org.hibernate.SQL - select g1_0.id,g1_0.type from genre g1_0 where g1_0.type=?
2025-11-24 20:56:15 [Test worker] DEBUG org.hibernate.SQL - select g1_0.id,g1_0.type from genre g1_0 where g1_0.type=?
2025-11-24 20:56:15 [Test worker] DEBUG org.hibernate.SQL - select g1_0.id,g1_0.type from genre g1_0 where g1_0.type=?
2025-11-24 20:56:15 [Test worker] DEBUG org.hibernate.SQL - select g1_0.id,g1_0.type from genre g1_0 where g1_0.type=?
2025-11-24 20:56:15 [Test worker] DEBUG org.hibernate.SQL - select g1_0.id,g1_0.type from genre g1_0 where g1_0.type=?
2025-11-24 20:56:15 [Test worker] DEBUG org.hibernate.SQL - select g1_0.id,g1_0.type from genre g1_0 where g1_0.type=?
