2025-11-24 22:08:33 [Test worker] INFO  c.m.b.MusicFlyBackendApplicationTests - Starting MusicFlyBackendApplicationTests using Java 17.0.7 with PID 97667 (started by samuelsotoparedes in /Users/samuelsotoparedes/IdeaProjects/proyecto-gps-25-26-gc03-microservice-users-5)
2025-11-24 22:08:33 [Test worker] INFO  c.m.b.MusicFlyBackendApplicationTests - The following 1 profile is active: "dev"
2025-11-24 22:08:36 [Test worker] INFO  com.zaxxer.hikari.HikariDataSource - HikariPool-1 - Starting...
2025-11-24 22:08:36 [Test worker] INFO  com.zaxxer.hikari.pool.HikariPool - HikariPool-1 - Added connection com.mysql.cj.jdbc.ConnectionImpl@1a91d15f
2025-11-24 22:08:36 [Test worker] INFO  com.zaxxer.hikari.HikariDataSource - HikariPool-1 - Start completed.
2025-11-24 22:08:42 [Test worker] INFO  c.netflix.discovery.DiscoveryClient - Initializing Eureka in region us-east-1
2025-11-24 22:08:42 [Test worker] INFO  c.netflix.discovery.DiscoveryClient - Client configured to neither register nor query for data.
2025-11-24 22:08:42 [Test worker] INFO  c.netflix.discovery.DiscoveryClient - Discovery Client initialized at timestamp 1764018522651 with initial instances count: 0
2025-11-24 22:08:42 [Test worker] INFO  c.n.e.DefaultEurekaServerContext - Initializing ...
2025-11-24 22:08:42 [Test worker] WARN  c.n.eureka.cluster.PeerEurekaNodes - The replica size seems to be empty. Check the route 53 DNS Registry
2025-11-24 22:08:42 [Test worker] INFO  c.n.e.r.AbstractInstanceRegistry - Finished initializing remote region registries. All known remote regions: []
2025-11-24 22:08:42 [Test worker] INFO  c.n.e.DefaultEurekaServerContext - Initialized
2025-11-24 22:08:42 [Thread-12] INFO  c.n.e.r.PeerAwareInstanceRegistryImpl - Got 1 instances from neighboring DS node
2025-11-24 22:08:42 [Thread-12] INFO  c.n.e.r.PeerAwareInstanceRegistryImpl - Renew threshold is: 1
2025-11-24 22:08:42 [Thread-12] INFO  c.n.e.r.PeerAwareInstanceRegistryImpl - Changing status to UP
2025-11-24 22:08:42 [Test worker] INFO  c.m.b.MusicFlyBackendApplicationTests - Started MusicFlyBackendApplicationTests in 10.363 seconds (process running for 13.429)
2025-11-24 22:08:43 [SpringApplicationShutdownHook] INFO  c.n.e.DefaultEurekaServerContext - Shutting down ...
2025-11-24 22:08:43 [SpringApplicationShutdownHook] INFO  c.n.e.DefaultEurekaServerContext - Shut down
2025-11-24 22:08:43 [SpringApplicationShutdownHook] INFO  c.n.e.DefaultEurekaServerContext - Shutting down ...
2025-11-24 22:08:43 [SpringApplicationShutdownHook] INFO  c.n.e.DefaultEurekaServerContext - Shut down
2025-11-24 22:08:43 [SpringApplicationShutdownHook] INFO  com.zaxxer.hikari.HikariDataSource - HikariPool-1 - Shutdown initiated...
2025-11-24 22:08:43 [SpringApplicationShutdownHook] INFO  com.zaxxer.hikari.HikariDataSource - HikariPool-1 - Shutdown completed.
2025-11-24 22:08:43 [SpringApplicationShutdownHook] INFO  c.netflix.discovery.DiscoveryClient - Shutting down DiscoveryClient ...
2025-11-24 22:08:43 [SpringApplicationShutdownHook] INFO  c.netflix.discovery.DiscoveryClient - Completed shut down of DiscoveryClient
