2025-11-24 18:33:35 [Test worker] INFO  c.m.b.MusicFlyBackendApplicationTests - Starting MusicFlyBackendApplicationTests using Java 17.0.7 with PID 93924 (started by samuelsotoparedes in /Users/samuelsotoparedes/IdeaProjects/proyecto-gps-25-26-gc03-microservice-users-5)
2025-11-24 18:33:35 [Test worker] INFO  c.m.b.MusicFlyBackendApplicationTests - The following 1 profile is active: "dev"
2025-11-24 18:33:38 [Test worker] INFO  com.zaxxer.hikari.HikariDataSource - HikariPool-1 - Starting...
2025-11-24 18:33:40 [Test worker] INFO  com.zaxxer.hikari.HikariDataSource - HikariPool-1 - Starting...
2025-11-24 18:34:40 [Test worker] INFO  c.m.b.MusicFlyBackendApplicationTests - Starting MusicFlyBackendApplicationTests using Java 17.0.7 with PID 93987 (started by samuelsotoparedes in /Users/samuelsotoparedes/IdeaProjects/proyecto-gps-25-26-gc03-microservice-users-5)
2025-11-24 18:34:40 [Test worker] INFO  c.m.b.MusicFlyBackendApplicationTests - The following 1 profile is active: "dev"
2025-11-24 18:34:43 [Test worker] INFO  com.zaxxer.hikari.HikariDataSource - HikariPool-1 - Starting...
2025-11-24 18:34:45 [Test worker] INFO  com.zaxxer.hikari.HikariDataSource - HikariPool-1 - Starting...
2025-11-24 18:35:31 [Test worker] INFO  c.m.b.MusicFlyBackendApplicationTests - Starting MusicFlyBackendApplicationTests using Java 17.0.7 with PID 94166 (started by samuelsotoparedes in /Users/samuelsotoparedes/IdeaProjects/proyecto-gps-25-26-gc03-microservice-users-5)
2025-11-24 18:35:31 [Test worker] INFO  c.m.b.MusicFlyBackendApplicationTests - The following 1 profile is active: "dev"
2025-11-24 18:35:34 [Test worker] INFO  com.zaxxer.hikari.HikariDataSource - HikariPool-1 - Starting...
2025-11-24 18:35:34 [Test worker] INFO  com.zaxxer.hikari.pool.HikariPool - HikariPool-1 - Added connection com.mysql.cj.jdbc.ConnectionImpl@36ae17ef
2025-11-24 18:35:34 [Test worker] INFO  com.zaxxer.hikari.HikariDataSource - HikariPool-1 - Start completed.
2025-11-24 18:35:41 [Test worker] INFO  c.netflix.discovery.DiscoveryClient - Initializing Eureka in region us-east-1
2025-11-24 18:35:41 [Test worker] INFO  c.netflix.discovery.DiscoveryClient - Client configured to neither register nor query for data.
2025-11-24 18:35:41 [Test worker] INFO  c.netflix.discovery.DiscoveryClient - Discovery Client initialized at timestamp 1764005741038 with initial instances count: 0
2025-11-24 18:35:41 [Test worker] INFO  c.n.e.DefaultEurekaServerContext - Initializing ...
2025-11-24 18:35:41 [Test worker] WARN  c.n.eureka.cluster.PeerEurekaNodes - The replica size seems to be empty. Check the route 53 DNS Registry
2025-11-24 18:35:41 [Test worker] INFO  c.n.e.r.AbstractInstanceRegistry - Finished initializing remote region registries. All known remote regions: []
2025-11-24 18:35:41 [Test worker] INFO  c.n.e.DefaultEurekaServerContext - Initialized
2025-11-24 18:35:41 [Thread-12] INFO  c.n.e.r.PeerAwareInstanceRegistryImpl - Got 1 instances from neighboring DS node
2025-11-24 18:35:41 [Thread-12] INFO  c.n.e.r.PeerAwareInstanceRegistryImpl - Renew threshold is: 1
2025-11-24 18:35:41 [Thread-12] INFO  c.n.e.r.PeerAwareInstanceRegistryImpl - Changing status to UP
2025-11-24 18:35:41 [Test worker] INFO  c.m.b.MusicFlyBackendApplicationTests - Started MusicFlyBackendApplicationTests in 10.276 seconds (process running for 11.543)
2025-11-24 18:35:42 [SpringApplicationShutdownHook] INFO  c.n.e.DefaultEurekaServerContext - Shutting down ...
2025-11-24 18:35:42 [SpringApplicationShutdownHook] INFO  c.n.e.DefaultEurekaServerContext - Shut down
2025-11-24 18:35:42 [SpringApplicationShutdownHook] INFO  c.n.e.DefaultEurekaServerContext - Shutting down ...
2025-11-24 18:35:42 [SpringApplicationShutdownHook] INFO  c.n.e.DefaultEurekaServerContext - Shut down
2025-11-24 18:35:42 [SpringApplicationShutdownHook] INFO  com.zaxxer.hikari.HikariDataSource - HikariPool-1 - Shutdown initiated...
2025-11-24 18:35:42 [SpringApplicationShutdownHook] INFO  com.zaxxer.hikari.HikariDataSource - HikariPool-1 - Shutdown completed.
2025-11-24 18:35:42 [SpringApplicationShutdownHook] INFO  c.netflix.discovery.DiscoveryClient - Shutting down DiscoveryClient ...
2025-11-24 18:35:42 [SpringApplicationShutdownHook] INFO  c.netflix.discovery.DiscoveryClient - Completed shut down of DiscoveryClient
